
> scholarship-portal@0.1.0 build
> prisma generate && next build

Environment variables loaded from .env
Prisma schema loaded from prisma\schema.prisma
node.exe : Error: 
At line:1 char:1
+ & "C:\Program Files\nodejs/node.exe" 
"C:\Users\VICTUS\AppData\Roaming ...
+ ~~~~~~~~~~~~~~~~~~~~~~~~~~~~~~~~~~~~~~~~~~~~
~~~~~~~~~~~~~~~~~~~~~~~~~
    + CategoryInfo          : NotSpecified: ( 
   Error: :String) [], RemoteException
    + FullyQualifiedErrorId : NativeCommandEr 
   ror
 
EPERM: operation not permitted, rename 'C:\Use
rs\VICTUS\OneDrive\Desktop\Irev\scholarship-po
rtal\node_modules\.prisma\client\query_engine-
windows.dll.node.tmp6128' -> 'C:\Users\VICTUS\
OneDrive\Desktop\Irev\scholarship-portal\node_
modules\.prisma\client\query_engine-windows.dl
l.node'


